#-----------------------------------------------------------
# Vivado v2023.2 (64-bit)
# SW Build 4029153 on Fri Oct 13 20:14:34 MDT 2023
# IP Build 4028589 on Sat Oct 14 00:45:43 MDT 2023
# SharedData Build 4025554 on Tue Oct 10 17:18:54 MDT 2023
# Start of session at: Fri Aug 15 04:06:26 2025
# Process ID: 7448
# Current directory: C:/Users/¡ı’Ò∫¿/Desktop/files/JYD/FPU/FPU1/FPU1
# Command line: vivado.exe -gui_launcher_event rodinguilauncherevent17900 C:\Users\¡ı’Ò∫¿\Desktop\files\JYD\FPU\FPU1\FPU1\FPU1.xpr
# Log file: C:/Users/¡ı’Ò∫¿/Desktop/files/JYD/FPU/FPU1/FPU1/vivado.log
# Journal file: C:/Users/¡ı’Ò∫¿/Desktop/files/JYD/FPU/FPU1/FPU1\vivado.jou
# Running On: LAPTOP-PT2H2IRH, OS: Windows, CPU Frequency: 3110 MHz, CPU Physical cores: 12, Host memory: 16962 MB
#-----------------------------------------------------------
start_gui
open_project C:/Users/¡ı’Ò∫¿/Desktop/files/JYD/FPU/FPU1/FPU1/FPU1.xpr
update_compile_order -fileset sources_1
launch_simulation
launch_simulation
source tb_FPU_single.tcl
run all
relaunch_sim
run all
relaunch_sim
run all
relaunch_sim
run all
relaunch_sim
run all
restart
run all
relaunch_sim
relaunch_sim
run all
relaunch_sim
run all
relaunch_sim
run all
relaunch_sim
run all
relaunch_sim
run all
relaunch_sim
relaunch_sim
relaunch_sim
run all
relaunch_sim
run all
relaunch_sim
run all
create_ip -name floating_point -vendor xilinx.com -library ip -version 7.1 -module_name fcvt_s_w -dir c:/Users/Desktop/files/JYD/FPU/FPU1/FPU1/FPU1.srcs/sources_1/i
set_property -dict [list \
  CONFIG.A_Precision_Type {Int32} \
  CONFIG.C_A_Exponent_Width {32} \
  CONFIG.C_A_Fraction_Width {0} \
  CONFIG.C_Accum_Input_Msb {32} \
  CONFIG.C_Accum_Lsb {-31} \
  CONFIG.C_Accum_Msb {32} \
  CONFIG.C_Latency {6} \
  CONFIG.C_Mult_Usage {No_Usage} \
  CONFIG.C_Rate {1} \
  CONFIG.C_Result_Exponent_Width {8} \
  CONFIG.C_Result_Fraction_Width {24} \
  CONFIG.Flow_Control {NonBlocking} \
  CONFIG.Has_RESULT_TREADY {false} \
  CONFIG.Operation_Type {Fixed_to_float} \
  CONFIG.Result_Precision_Type {Single} \
] [get_ips fcvt_s_w]
generate_target {instantiation_template} [get_files c:/Users/Desktop/files/JYD/FPU/FPU1/FPU1/FPU1.srcs/sources_1/i/fcvt_s_w/fcvt_s_w.xci]
update_compile_order -fileset sources_1
generate_target all [get_files  c:/Users/Desktop/files/JYD/FPU/FPU1/FPU1/FPU1.srcs/sources_1/i/fcvt_s_w/fcvt_s_w.xci]
catch { config_ip_cache -export [get_ips -all fcvt_s_w] }
export_ip_user_files -of_objects [get_files c:/Users/Desktop/files/JYD/FPU/FPU1/FPU1/FPU1.srcs/sources_1/i/fcvt_s_w/fcvt_s_w.xci] -no_script -sync -force -quiet
export_simulation -of_objects [get_files c:/Users/Desktop/files/JYD/FPU/FPU1/FPU1/FPU1.srcs/sources_1/i/fcvt_s_w/fcvt_s_w.xci] -directory C:/Users/¡ı’Ò∫¿/Desktop/files/JYD/FPU/FPU1/FPU1/FPU1.ip_user_files/sim_scripts -ip_user_files_dir C:/Users/¡ı’Ò∫¿/Desktop/files/JYD/FPU/FPU1/FPU1/FPU1.ip_user_files -ipstatic_source_dir C:/Users/¡ı’Ò∫¿/Desktop/files/JYD/FPU/FPU1/FPU1/FPU1.ip_user_files/ipstatic -lib_map_path [list {modelsim=C:/Users/¡ı’Ò∫¿/Desktop/files/JYD/FPU/FPU1/FPU1/FPU1.cache/compile_simlib/modelsim} {questa=C:/Users/¡ı’Ò∫¿/Desktop/files/JYD/FPU/FPU1/FPU1/FPU1.cache/compile_simlib/questa} {riviera=C:/Users/¡ı’Ò∫¿/Desktop/files/JYD/FPU/FPU1/FPU1/FPU1.cache/compile_simlib/riviera} {activehdl=C:/Users/¡ı’Ò∫¿/Desktop/files/JYD/FPU/FPU1/FPU1/FPU1.cache/compile_simlib/activehdl}] -use_ip_compiled_libs -force -quiet
create_ip -name floating_point -vendor xilinx.com -library ip -version 7.1 -module_name fcvt_s_wu -dir c:/Users/Desktop/files/JYD/FPU/FPU1/FPU1/FPU1.srcs/sources_1/i
set_property -dict [list \
  CONFIG.A_Precision_Type {Uint32} \
  CONFIG.C_A_Exponent_Width {32} \
  CONFIG.C_A_Fraction_Width {0} \
  CONFIG.C_Accum_Input_Msb {32} \
  CONFIG.C_Accum_Lsb {-31} \
  CONFIG.C_Accum_Msb {32} \
  CONFIG.C_Latency {5} \
  CONFIG.C_Mult_Usage {No_Usage} \
  CONFIG.C_Rate {1} \
  CONFIG.C_Result_Exponent_Width {8} \
  CONFIG.C_Result_Fraction_Width {24} \
  CONFIG.Flow_Control {NonBlocking} \
  CONFIG.Has_RESULT_TREADY {false} \
  CONFIG.Operation_Type {Fixed_to_float} \
  CONFIG.Result_Precision_Type {Single} \
] [get_ips fcvt_s_wu]
generate_target {instantiation_template} [get_files c:/Users/Desktop/files/JYD/FPU/FPU1/FPU1/FPU1.srcs/sources_1/i/fcvt_s_wu/fcvt_s_wu.xci]
generate_target all [get_files  c:/Users/Desktop/files/JYD/FPU/FPU1/FPU1/FPU1.srcs/sources_1/i/fcvt_s_wu/fcvt_s_wu.xci]
catch { config_ip_cache -export [get_ips -all fcvt_s_wu] }
export_ip_user_files -of_objects [get_files c:/Users/Desktop/files/JYD/FPU/FPU1/FPU1/FPU1.srcs/sources_1/i/fcvt_s_wu/fcvt_s_wu.xci] -no_script -sync -force -quiet
create_ip_run [get_files -of_objects [get_fileset sources_1] c:/Users/Desktop/files/JYD/FPU/FPU1/FPU1/FPU1.srcs/sources_1/i/fcvt_s_wu/fcvt_s_wu.xci]
launch_runs fcvt_s_wu_synth_1 -jobs 16
wait_on_run fcvt_s_wu_synth_1
export_simulation -of_objects [get_files c:/Users/Desktop/files/JYD/FPU/FPU1/FPU1/FPU1.srcs/sources_1/i/fcvt_s_wu/fcvt_s_wu.xci] -directory C:/Users/¡ı’Ò∫¿/Desktop/files/JYD/FPU/FPU1/FPU1/FPU1.ip_user_files/sim_scripts -ip_user_files_dir C:/Users/¡ı’Ò∫¿/Desktop/files/JYD/FPU/FPU1/FPU1/FPU1.ip_user_files -ipstatic_source_dir C:/Users/¡ı’Ò∫¿/Desktop/files/JYD/FPU/FPU1/FPU1/FPU1.ip_user_files/ipstatic -lib_map_path [list {modelsim=C:/Users/¡ı’Ò∫¿/Desktop/files/JYD/FPU/FPU1/FPU1/FPU1.cache/compile_simlib/modelsim} {questa=C:/Users/¡ı’Ò∫¿/Desktop/files/JYD/FPU/FPU1/FPU1/FPU1.cache/compile_simlib/questa} {riviera=C:/Users/¡ı’Ò∫¿/Desktop/files/JYD/FPU/FPU1/FPU1/FPU1.cache/compile_simlib/riviera} {activehdl=C:/Users/¡ı’Ò∫¿/Desktop/files/JYD/FPU/FPU1/FPU1/FPU1.cache/compile_simlib/activehdl}] -use_ip_compiled_libs -force -quiet
create_ip -name floating_point -vendor xilinx.com -library ip -version 7.1 -module_name fcvt_w_s -dir c:/Users/Desktop/files/JYD/FPU/FPU1/FPU1/FPU1.srcs/sources_1/i
set_property -dict [list \
  CONFIG.A_Precision_Type {Single} \
  CONFIG.C_A_Exponent_Width {8} \
  CONFIG.C_A_Fraction_Width {24} \
  CONFIG.C_Accum_Input_Msb {32} \
  CONFIG.C_Accum_Lsb {-31} \
  CONFIG.C_Accum_Msb {32} \
  CONFIG.C_Latency {6} \
  CONFIG.C_Mult_Usage {No_Usage} \
  CONFIG.C_Rate {1} \
  CONFIG.C_Result_Exponent_Width {32} \
  CONFIG.C_Result_Fraction_Width {0} \
  CONFIG.Flow_Control {NonBlocking} \
  CONFIG.Has_RESULT_TREADY {false} \
  CONFIG.Operation_Type {Float_to_fixed} \
  CONFIG.Result_Precision_Type {Int32} \
] [get_ips fcvt_w_s]
generate_target {instantiation_template} [get_files c:/Users/Desktop/files/JYD/FPU/FPU1/FPU1/FPU1.srcs/sources_1/i/fcvt_w_s/fcvt_w_s.xci]
generate_target all [get_files  c:/Users/Desktop/files/JYD/FPU/FPU1/FPU1/FPU1.srcs/sources_1/i/fcvt_w_s/fcvt_w_s.xci]
catch { config_ip_cache -export [get_ips -all fcvt_w_s] }
export_ip_user_files -of_objects [get_files c:/Users/Desktop/files/JYD/FPU/FPU1/FPU1/FPU1.srcs/sources_1/i/fcvt_w_s/fcvt_w_s.xci] -no_script -sync -force -quiet
create_ip_run [get_files -of_objects [get_fileset sources_1] c:/Users/Desktop/files/JYD/FPU/FPU1/FPU1/FPU1.srcs/sources_1/i/fcvt_w_s/fcvt_w_s.xci]
launch_runs fcvt_w_s_synth_1 -jobs 16
wait_on_run fcvt_w_s_synth_1
export_simulation -of_objects [get_files c:/Users/Desktop/files/JYD/FPU/FPU1/FPU1/FPU1.srcs/sources_1/i/fcvt_w_s/fcvt_w_s.xci] -directory C:/Users/¡ı’Ò∫¿/Desktop/files/JYD/FPU/FPU1/FPU1/FPU1.ip_user_files/sim_scripts -ip_user_files_dir C:/Users/¡ı’Ò∫¿/Desktop/files/JYD/FPU/FPU1/FPU1/FPU1.ip_user_files -ipstatic_source_dir C:/Users/¡ı’Ò∫¿/Desktop/files/JYD/FPU/FPU1/FPU1/FPU1.ip_user_files/ipstatic -lib_map_path [list {modelsim=C:/Users/¡ı’Ò∫¿/Desktop/files/JYD/FPU/FPU1/FPU1/FPU1.cache/compile_simlib/modelsim} {questa=C:/Users/¡ı’Ò∫¿/Desktop/files/JYD/FPU/FPU1/FPU1/FPU1.cache/compile_simlib/questa} {riviera=C:/Users/¡ı’Ò∫¿/Desktop/files/JYD/FPU/FPU1/FPU1/FPU1.cache/compile_simlib/riviera} {activehdl=C:/Users/¡ı’Ò∫¿/Desktop/files/JYD/FPU/FPU1/FPU1/FPU1.cache/compile_simlib/activehdl}] -use_ip_compiled_libs -force -quiet
create_ip -name floating_point -vendor xilinx.com -library ip -version 7.1 -module_name fcvt_wu_s -dir c:/Users/Desktop/files/JYD/FPU/FPU1/FPU1/FPU1.srcs/sources_1/i
set_property -dict [list \
  CONFIG.A_Precision_Type {Single} \
  CONFIG.C_A_Exponent_Width {8} \
  CONFIG.C_A_Fraction_Width {24} \
  CONFIG.C_Has_INVALID_OP {true} \
  CONFIG.C_Has_OVERFLOW {true} \
  CONFIG.C_Latency {6} \
  CONFIG.C_Mult_Usage {No_Usage} \
  CONFIG.C_Rate {1} \
  CONFIG.C_Result_Exponent_Width {33} \
  CONFIG.C_Result_Fraction_Width {24} \
  CONFIG.Flow_Control {NonBlocking} \
  CONFIG.Has_RESULT_TREADY {false} \
  CONFIG.Operation_Type {Float_to_fixed} \
  CONFIG.Result_Precision_Type {Custom} \
] [get_ips fcvt_wu_s]
generate_target {instantiation_template} [get_files c:/Users/Desktop/files/JYD/FPU/FPU1/FPU1/FPU1.srcs/sources_1/i/fcvt_wu_s/fcvt_wu_s.xci]
generate_target all [get_files  c:/Users/Desktop/files/JYD/FPU/FPU1/FPU1/FPU1.srcs/sources_1/i/fcvt_wu_s/fcvt_wu_s.xci]
catch { config_ip_cache -export [get_ips -all fcvt_wu_s] }
export_ip_user_files -of_objects [get_files c:/Users/Desktop/files/JYD/FPU/FPU1/FPU1/FPU1.srcs/sources_1/i/fcvt_wu_s/fcvt_wu_s.xci] -no_script -sync -force -quiet
create_ip_run [get_files -of_objects [get_fileset sources_1] c:/Users/Desktop/files/JYD/FPU/FPU1/FPU1/FPU1.srcs/sources_1/i/fcvt_wu_s/fcvt_wu_s.xci]
launch_runs fcvt_wu_s_synth_1 -jobs 16
wait_on_run fcvt_wu_s_synth_1
export_simulation -of_objects [get_files c:/Users/Desktop/files/JYD/FPU/FPU1/FPU1/FPU1.srcs/sources_1/i/fcvt_wu_s/fcvt_wu_s.xci] -directory C:/Users/¡ı’Ò∫¿/Desktop/files/JYD/FPU/FPU1/FPU1/FPU1.ip_user_files/sim_scripts -ip_user_files_dir C:/Users/¡ı’Ò∫¿/Desktop/files/JYD/FPU/FPU1/FPU1/FPU1.ip_user_files -ipstatic_source_dir C:/Users/¡ı’Ò∫¿/Desktop/files/JYD/FPU/FPU1/FPU1/FPU1.ip_user_files/ipstatic -lib_map_path [list {modelsim=C:/Users/¡ı’Ò∫¿/Desktop/files/JYD/FPU/FPU1/FPU1/FPU1.cache/compile_simlib/modelsim} {questa=C:/Users/¡ı’Ò∫¿/Desktop/files/JYD/FPU/FPU1/FPU1/FPU1.cache/compile_simlib/questa} {riviera=C:/Users/¡ı’Ò∫¿/Desktop/files/JYD/FPU/FPU1/FPU1/FPU1.cache/compile_simlib/riviera} {activehdl=C:/Users/¡ı’Ò∫¿/Desktop/files/JYD/FPU/FPU1/FPU1/FPU1.cache/compile_simlib/activehdl}] -use_ip_compiled_libs -force -quiet
set_property -dict [list \
  CONFIG.C_Has_INVALID_OP {true} \
  CONFIG.C_Has_OVERFLOW {true} \
] [get_ips fcvt_w_s]
generate_target all [get_files  c:/Users/Desktop/files/JYD/FPU/FPU1/FPU1/FPU1.srcs/sources_1/i/fcvt_w_s/fcvt_w_s.xci]
catch { config_ip_cache -export [get_ips -all fcvt_w_s] }
export_ip_user_files -of_objects [get_files c:/Users/Desktop/files/JYD/FPU/FPU1/FPU1/FPU1.srcs/sources_1/i/fcvt_w_s/fcvt_w_s.xci] -no_script -sync -force -quiet
export_simulation -of_objects [get_files c:/Users/Desktop/files/JYD/FPU/FPU1/FPU1/FPU1.srcs/sources_1/i/fcvt_w_s/fcvt_w_s.xci] -directory C:/Users/¡ı’Ò∫¿/Desktop/files/JYD/FPU/FPU1/FPU1/FPU1.ip_user_files/sim_scripts -ip_user_files_dir C:/Users/¡ı’Ò∫¿/Desktop/files/JYD/FPU/FPU1/FPU1/FPU1.ip_user_files -ipstatic_source_dir C:/Users/¡ı’Ò∫¿/Desktop/files/JYD/FPU/FPU1/FPU1/FPU1.ip_user_files/ipstatic -lib_map_path [list {modelsim=C:/Users/¡ı’Ò∫¿/Desktop/files/JYD/FPU/FPU1/FPU1/FPU1.cache/compile_simlib/modelsim} {questa=C:/Users/¡ı’Ò∫¿/Desktop/files/JYD/FPU/FPU1/FPU1/FPU1.cache/compile_simlib/questa} {riviera=C:/Users/¡ı’Ò∫¿/Desktop/files/JYD/FPU/FPU1/FPU1/FPU1.cache/compile_simlib/riviera} {activehdl=C:/Users/¡ı’Ò∫¿/Desktop/files/JYD/FPU/FPU1/FPU1/FPU1.cache/compile_simlib/activehdl}] -use_ip_compiled_libs -force -quiet
set_property -dict [list \
  CONFIG.C_Latency {6} \
  CONFIG.C_Result_Fraction_Width {31} \
] [get_ips fcvt_wu_s]
generate_target all [get_files  c:/Users/Desktop/files/JYD/FPU/FPU1/FPU1/FPU1.srcs/sources_1/i/fcvt_wu_s/fcvt_wu_s.xci]
catch { config_ip_cache -export [get_ips -all fcvt_wu_s] }
export_ip_user_files -of_objects [get_files c:/Users/Desktop/files/JYD/FPU/FPU1/FPU1/FPU1.srcs/sources_1/i/fcvt_wu_s/fcvt_wu_s.xci] -no_script -sync -force -quiet
export_simulation -of_objects [get_files c:/Users/Desktop/files/JYD/FPU/FPU1/FPU1/FPU1.srcs/sources_1/i/fcvt_wu_s/fcvt_wu_s.xci] -directory C:/Users/¡ı’Ò∫¿/Desktop/files/JYD/FPU/FPU1/FPU1/FPU1.ip_user_files/sim_scripts -ip_user_files_dir C:/Users/¡ı’Ò∫¿/Desktop/files/JYD/FPU/FPU1/FPU1/FPU1.ip_user_files -ipstatic_source_dir C:/Users/¡ı’Ò∫¿/Desktop/files/JYD/FPU/FPU1/FPU1/FPU1.ip_user_files/ipstatic -lib_map_path [list {modelsim=C:/Users/¡ı’Ò∫¿/Desktop/files/JYD/FPU/FPU1/FPU1/FPU1.cache/compile_simlib/modelsim} {questa=C:/Users/¡ı’Ò∫¿/Desktop/files/JYD/FPU/FPU1/FPU1/FPU1.cache/compile_simlib/questa} {riviera=C:/Users/¡ı’Ò∫¿/Desktop/files/JYD/FPU/FPU1/FPU1/FPU1.cache/compile_simlib/riviera} {activehdl=C:/Users/¡ı’Ò∫¿/Desktop/files/JYD/FPU/FPU1/FPU1/FPU1.cache/compile_simlib/activehdl}] -use_ip_compiled_libs -force -quiet
update_compile_order -fileset sources_1
close_sim
